2026-05-23 16:16:28,903 INFO o.a.j.u.JMeterUtils: Setting Locale to en_EN
2026-05-23 16:16:28,925 INFO o.a.j.JMeter: Loading user properties from: D:\apache-jmeter-5.6.3\bin\user.properties
2026-05-23 16:16:28,925 INFO o.a.j.JMeter: Loading system properties from: D:\apache-jmeter-5.6.3\bin\system.properties
2026-05-23 16:16:28,932 INFO o.a.j.JMeter: Copyright (c) 1998-2024 The Apache Software Foundation
2026-05-23 16:16:28,932 INFO o.a.j.JMeter: Version 5.6.3
2026-05-23 16:16:28,932 INFO o.a.j.JMeter: java.version=17.0.2
2026-05-23 16:16:28,932 INFO o.a.j.JMeter: java.vm.name=Java HotSpot(TM) 64-Bit Server VM
2026-05-23 16:16:28,932 INFO o.a.j.JMeter: os.name=Windows 11
2026-05-23 16:16:28,932 INFO o.a.j.JMeter: os.arch=amd64
2026-05-23 16:16:28,932 INFO o.a.j.JMeter: os.version=10.0
2026-05-23 16:16:28,932 INFO o.a.j.JMeter: file.encoding=GBK
2026-05-23 16:16:28,932 INFO o.a.j.JMeter: java.awt.headless=true
2026-05-23 16:16:28,933 INFO o.a.j.JMeter: Max memory     =1073741824
2026-05-23 16:16:28,933 INFO o.a.j.JMeter: Available Processors =16
2026-05-23 16:16:28,942 INFO o.a.j.JMeter: Default Locale=English (EN)
2026-05-23 16:16:28,942 INFO o.a.j.JMeter: JMeter  Locale=English (EN)
2026-05-23 16:16:28,942 INFO o.a.j.JMeter: JMeterHome=D:\apache-jmeter-5.6.3
2026-05-23 16:16:28,942 INFO o.a.j.JMeter: user.dir  =C:\Users\peter\IdeaProjects\zy\untitled\cs2-tactics-suite\cs2-api
2026-05-23 16:16:28,943 INFO o.a.j.JMeter: PWD       =C:\Users\peter\IdeaProjects\zy\untitled\cs2-tactics-suite\cs2-api
2026-05-23 16:16:28,944 INFO o.a.j.JMeter: IP: 10.112.200.9 Name: DESKTOP-9R2Q67R FullName: DESKTOP-9R2Q67R
2026-05-23 16:16:28,956 ERROR o.a.j.JMeter: An error occurred: 
org.apache.jmeter.report.config.ConfigurationException: The file C:\Users\peter\IdeaProjects\zy\untitled\cs2-tactics-suite\cs2-api\load_test.jmx doesn't exist or can't be opened
	at org.apache.jmeter.JMeter.runNonGui(JMeter.java:950) ~[ApacheJMeter_core.jar:5.6.3]
	at org.apache.jmeter.JMeter.startNonGui(JMeter.java:940) ~[ApacheJMeter_core.jar:5.6.3]
	at org.apache.jmeter.JMeter.start(JMeter.java:508) [ApacheJMeter_core.jar:5.6.3]
	at java.base/jdk.internal.reflect.NativeMethodAccessorImpl.invoke0(Native Method) ~[?:?]
	at java.base/jdk.internal.reflect.NativeMethodAccessorImpl.invoke(NativeMethodAccessorImpl.java:77) ~[?:?]
	at java.base/jdk.internal.reflect.DelegatingMethodAccessorImpl.invoke(DelegatingMethodAccessorImpl.java:43) ~[?:?]
	at java.base/java.lang.reflect.Method.invoke(Method.java:568) ~[?:?]
	at org.apache.jmeter.NewDriver.main(NewDriver.java:259) [ApacheJMeter.jar:5.6.3]
